
> tissu-page@0.1.0 build
> next build

⚠ Warning: Next.js inferred your workspace root, but it may not be correct.
 We detected multiple lockfiles and selected the directory of /Users/giokhukhia/package-lock.json as the root directory.
 To silence this warning, set `turbopack.root` in your Next.js config, or consider removing one of the lockfiles if it's not needed.
   See https://nextjs.org/docs/app/api-reference/config/next-config-js/turbopack#root-directory for more information.
 Detected additional lockfiles: 
   * /Users/giokhukhia/Desktop/tissu webpage/package-lock.json

▲ Next.js 16.2.1 (Turbopack)

  Creating an optimized production build ...
✓ Compiled successfully in 2.1s
  Running TypeScript ...
  Finished TypeScript in 2000ms ...
  Collecting page data using 7 workers ...
  Generating static pages using 7 workers (0/13) ...
  Generating static pages using 7 workers (3/13) 
  Generating static pages using 7 workers (6/13) 
  Generating static pages using 7 workers (9/13) 
✓ Generating static pages using 7 workers (13/13) in 192ms
  Finalizing page optimization ...

Route (app)
┌ ○ /
├ ○ /_not-found
├ ○ /about
├ ○ /account
├ ○ /account/login
├ ○ /account/register
├ ○ /cart
├ ○ /checkout
├ ○ /contact
├ ○ /faq
├ ƒ /product/[id]
└ ○ /shop


○  (Static)   prerendered as static content
ƒ  (Dynamic)  server-rendered on demand

